exports[`test renders without crashing 1`] = `
<div
  id="plot" />
`;
